// Vitest Snapshot v1, https://vitest.dev/guide/snapshot.html

exports[`Price contract — every active product through the engine > matches the committed price snapshot (any change names the moved products) 1`] = `
{
  "BANNER-V13-2X4FT": "FIXED_SIZE → $66.00",
  "BANNER-V13-2X6FT": "FIXED_SIZE → $90.00",
  "BANNER-V13-3X6FT": "FIXED_SIZE → $135.00",
  "BANNER-V13-3X8FT": "FIXED_SIZE → $180.00",
  "BANNER-V13-4X10FT": "FIXED_SIZE → $270.00",
  "BANNER-V13-4X12FT": "FIXED_SIZE → $324.00",
  "BANNER-V13-4X6FT": "FIXED_SIZE → $180.00",
  "BANNER-V13-4X8FT": "FIXED_SIZE → $240.00",
  "BANNER-V13-5X10FT": "FIXED_SIZE → $337.50",
  "BANNER-V13-6X10FT": "FIXED_SIZE → $405.00",
  "BC-14PT-1000-1S": "FIXED_SIZE → $80.00",
  "BC-14PT-1000-2S": "FIXED_SIZE → $110.00",
  "BC-14PT-2000-1S": "FIXED_SIZE → $150.00",
  "BC-14PT-2000-2S": "FIXED_SIZE → $210.00",
  "BC-14PT-250-1S": "FIXED_SIZE → $40.00",
  "BC-14PT-250-2S": "FIXED_SIZE → $45.00",
  "BC-14PT-500-1S": "FIXED_SIZE → $50.00",
  "BC-14PT-500-2S": "FIXED_SIZE → $65.00",
  "BC-14PT-5000-1S": "FIXED_SIZE → $305.00",
  "BC-14PT-5000-2S": "FIXED_SIZE → $420.00",
  "BOOK-PREM-100": "FIXED_SIZE → $4800.00 ·PLACEHOLDER",
  "BOOK-PREM-25": "FIXED_SIZE → $1625.00 ·PLACEHOLDER",
  "BOOK-PREM-250": "FIXED_SIZE → $10000.00 ·PLACEHOLDER",
  "BOOK-PREM-50": "FIXED_SIZE → $2750.00 ·PLACEHOLDER",
  "BOOK-ULTRA-100": "FIXED_SIZE → $5500.00 ·PLACEHOLDER",
  "BOOK-ULTRA-25": "FIXED_SIZE → $1825.00 ·PLACEHOLDER",
  "BOOK-ULTRA-250": "FIXED_SIZE → $12000.00 ·PLACEHOLDER",
  "BOOK-ULTRA-50": "FIXED_SIZE → $3150.00 ·PLACEHOLDER",
  "BROCH-HF-100": "FIXED_SIZE → $85.00 ·PLACEHOLDER",
  "BROCH-HF-1000": "FIXED_SIZE → $360.00 ·PLACEHOLDER",
  "BROCH-HF-250": "FIXED_SIZE → $115.00 ·PLACEHOLDER",
  "BROCH-HF-500": "FIXED_SIZE → $210.00 ·PLACEHOLDER",
  "BROCH-TF-100": "FIXED_SIZE → $70.00 ·PLACEHOLDER",
  "BROCH-TF-1000": "FIXED_SIZE → $320.00 ·PLACEHOLDER",
  "BROCH-TF-250": "FIXED_SIZE → $105.00 ·PLACEHOLDER",
  "BROCH-TF-500": "FIXED_SIZE → $195.00 ·PLACEHOLDER",
  "DISP-RETRACT-DLX": "FIXED_SIZE → $299.00",
  "DISP-RETRACT-ECO": "FIXED_SIZE → $219.00",
  "DISP-RETRACT-PREM": "FIXED_SIZE → $349.00 ·PLACEHOLDER",
  "FLYER-100LB-100": "FIXED_SIZE → $55.00 ·PLACEHOLDER",
  "FLYER-100LB-1000": "FIXED_SIZE → $250.00 ·PLACEHOLDER",
  "FLYER-100LB-1S-100": "FIXED_SIZE → $40.00 ·PLACEHOLDER",
  "FLYER-100LB-1S-1000": "FIXED_SIZE → $180.00 ·PLACEHOLDER",
  "FLYER-100LB-1S-250": "FIXED_SIZE → $83.00 ·PLACEHOLDER",
  "FLYER-100LB-1S-500": "FIXED_SIZE → $133.00 ·PLACEHOLDER",
  "FLYER-100LB-250": "FIXED_SIZE → $115.00 ·PLACEHOLDER",
  "FLYER-100LB-500": "FIXED_SIZE → $185.00 ·PLACEHOLDER",
  "FLYER-100LB-HALF-100": "FIXED_SIZE → $43.00 ·PLACEHOLDER",
  "FLYER-100LB-HALF-1000": "FIXED_SIZE → $196.00 ·PLACEHOLDER",
  "FLYER-100LB-HALF-1S-100": "FIXED_SIZE → $31.00 ·PLACEHOLDER",
  "FLYER-100LB-HALF-1S-1000": "FIXED_SIZE → $141.00 ·PLACEHOLDER",
  "FLYER-100LB-HALF-1S-250": "FIXED_SIZE → $65.00 ·PLACEHOLDER",
  "FLYER-100LB-HALF-1S-50": "FIXED_SIZE → $25.00 ·PLACEHOLDER",
  "FLYER-100LB-HALF-1S-500": "FIXED_SIZE → $104.00 ·PLACEHOLDER",
  "FLYER-100LB-HALF-250": "FIXED_SIZE → $90.00 ·PLACEHOLDER",
  "FLYER-100LB-HALF-50": "FIXED_SIZE → $35.00 ·PLACEHOLDER",
  "FLYER-100LB-HALF-500": "FIXED_SIZE → $145.00 ·PLACEHOLDER",
  "FLYER-80LB-100": "FIXED_SIZE → $45.00",
  "FLYER-80LB-1000": "FIXED_SIZE → $185.00",
  "FLYER-80LB-1S-100": "FIXED_SIZE → $32.00",
  "FLYER-80LB-1S-1000": "FIXED_SIZE → $133.00",
  "FLYER-80LB-1S-250": "FIXED_SIZE → $79.00",
  "FLYER-80LB-1S-500": "FIXED_SIZE → $97.00",
  "FLYER-80LB-250": "FIXED_SIZE → $110.00",
  "FLYER-80LB-500": "FIXED_SIZE → $135.00",
  "FLYER-80LB-HALF-100": "FIXED_SIZE → $35.00 ·PLACEHOLDER",
  "FLYER-80LB-HALF-1000": "FIXED_SIZE → $145.00 ·PLACEHOLDER",
  "FLYER-80LB-HALF-1S-100": "FIXED_SIZE → $25.00 ·PLACEHOLDER",
  "FLYER-80LB-HALF-1S-1000": "FIXED_SIZE → $104.00 ·PLACEHOLDER",
  "FLYER-80LB-HALF-1S-250": "FIXED_SIZE → $62.00 ·PLACEHOLDER",
  "FLYER-80LB-HALF-1S-50": "FIXED_SIZE → $20.00 ·PLACEHOLDER",
  "FLYER-80LB-HALF-1S-500": "FIXED_SIZE → $76.00 ·PLACEHOLDER",
  "FLYER-80LB-HALF-250": "FIXED_SIZE → $87.00 ·PLACEHOLDER",
  "FLYER-80LB-HALF-50": "FIXED_SIZE → $28.00 ·PLACEHOLDER",
  "FLYER-80LB-HALF-500": "FIXED_SIZE → $105.00 ·PLACEHOLDER",
  "FLYER-COUGAR130-100": "FIXED_SIZE → $95.00",
  "FLYER-COUGAR130-1000": "FIXED_SIZE → $395.00",
  "FLYER-COUGAR130-250": "FIXED_SIZE → $185.00",
  "FLYER-COUGAR130-500": "FIXED_SIZE → $295.00",
  "FOAM-5MM-18X24-S": "FIXED_SIZE → $45.00",
  "FOAM-5MM-24X36-S": "FIXED_SIZE → $65.00",
  "PC-3X4-100": "FIXED_SIZE → $60.00",
  "PC-3X4-1000": "FIXED_SIZE → $280.00",
  "PC-3X4-250": "FIXED_SIZE → $110.00",
  "PC-3X4-50": "FIXED_SIZE → $35.00",
  "PC-3X4-500": "FIXED_SIZE → $175.00",
  "PC-4X6-100": "FIXED_SIZE → $45.00",
  "PC-4X6-1000": "FIXED_SIZE → $220.00",
  "PC-4X6-250": "FIXED_SIZE → $85.00",
  "PC-4X6-50": "FIXED_SIZE → $40.00",
  "PC-4X6-500": "FIXED_SIZE → $140.00",
  "PC-5X7-100": "FIXED_SIZE → $50.00",
  "PC-5X7-1000": "FIXED_SIZE → $245.00",
  "PC-5X7-250": "FIXED_SIZE → $95.00",
  "PC-5X7-50": "FIXED_SIZE → $45.00",
  "PC-5X7-500": "FIXED_SIZE → $155.00",
  "POST-12X18": "FIXED_SIZE → $15.00",
  "POST-16X20": "FIXED_SIZE → $18.00",
  "POST-18X24": "FIXED_SIZE → $22.00",
  "POST-20X30": "FIXED_SIZE → $28.00",
  "POST-24X36": "FIXED_SIZE → $35.00",
  "POST-30X40": "FIXED_SIZE → $48.00",
  "POST-36X48": "FIXED_SIZE → $65.00",
  "RACK-100LB-1S-100": "FIXED_SIZE → $25.00 ·PLACEHOLDER",
  "RACK-100LB-1S-1000": "FIXED_SIZE → $148.00 ·PLACEHOLDER",
  "RACK-100LB-1S-250": "FIXED_SIZE → $59.00 ·PLACEHOLDER",
  "RACK-100LB-1S-500": "FIXED_SIZE → $86.00 ·PLACEHOLDER",
  "RACK-100LB-2S-100": "FIXED_SIZE → $35.00 ·PLACEHOLDER",
  "RACK-100LB-2S-1000": "FIXED_SIZE → $205.00 ·PLACEHOLDER",
  "RACK-100LB-2S-250": "FIXED_SIZE → $82.00 ·PLACEHOLDER",
  "RACK-100LB-2S-500": "FIXED_SIZE → $119.00 ·PLACEHOLDER",
  "RIGID-ACP3-18X24-S": "FIXED_SIZE → $39.00",
  "RIGID-ACP3-4X8FT-S": "FIXED_SIZE → $320.00",
  "SIGN-CORO4-18X24-D": "FIXED_SIZE → $42.00",
  "SIGN-CORO4-18X24-S": "FIXED_SIZE → $24.00",
  "SIGN-CORO4-24X18-S": "FIXED_SIZE → $24.00",
  "SIGN-CORO4-24X36-D": "FIXED_SIZE → $84.00",
  "SIGN-CORO4-24X36-S": "FIXED_SIZE → $48.00",
  "SIGN-CORO4-4X8FT-S": "FIXED_SIZE → $232.00",
  "STICKER-2X2-100": "FIXED_SIZE → $45.00",
  "STICKER-2X2-1000": "FIXED_SIZE → $185.00",
  "STICKER-2X2-25": "FIXED_SIZE → $25.00",
  "STICKER-2X2-250": "FIXED_SIZE → $95.00",
  "STICKER-2X2-50": "FIXED_SIZE → $30.00",
  "STICKER-2X2-500": "FIXED_SIZE → $135.00",
  "STICKER-2X3-100": "FIXED_SIZE → $70.00",
  "STICKER-2X3-1000": "FIXED_SIZE → $280.00",
  "STICKER-2X3-25": "FIXED_SIZE → $25.00",
  "STICKER-2X3-250": "FIXED_SIZE → $140.00",
  "STICKER-2X3-50": "FIXED_SIZE → $40.00",
  "STICKER-2X3-500": "FIXED_SIZE → $205.00",
  "STICKER-3X3-100": "FIXED_SIZE → $105.00",
  "STICKER-3X3-1000": "FIXED_SIZE → $420.00",
  "STICKER-3X3-25": "FIXED_SIZE → $40.00",
  "STICKER-3X3-250": "FIXED_SIZE → $210.00",
  "STICKER-3X3-50": "FIXED_SIZE → $60.00",
  "STICKER-3X3-500": "FIXED_SIZE → $305.00",
  "STICKER-4X4-100": "FIXED_SIZE → $160.00",
  "STICKER-4X4-1000": "FIXED_SIZE → $650.00",
  "STICKER-4X4-25": "FIXED_SIZE → $60.00",
  "STICKER-4X4-250": "FIXED_SIZE → $325.00",
  "STICKER-4X4-50": "FIXED_SIZE → $95.00",
  "STICKER-4X4-500": "FIXED_SIZE → $475.00",
  "STICKER-4X6-100": "FIXED_SIZE → $240.00",
  "STICKER-4X6-1000": "FIXED_SIZE → $975.00",
  "STICKER-4X6-25": "FIXED_SIZE → $90.00",
  "STICKER-4X6-250": "FIXED_SIZE → $490.00",
  "STICKER-4X6-50": "FIXED_SIZE → $145.00",
  "STICKER-4X6-500": "FIXED_SIZE → $715.00",
  "STICKER-5X5-100": "FIXED_SIZE → $250.00",
  "STICKER-5X5-1000": "FIXED_SIZE → $1020.00",
  "STICKER-5X5-25": "FIXED_SIZE → $95.00",
  "STICKER-5X5-250": "FIXED_SIZE → $510.00",
  "STICKER-5X5-50": "FIXED_SIZE → $150.00",
  "STICKER-5X5-500": "FIXED_SIZE → $740.00",
  "STICKER-6X6-100": "FIXED_SIZE → $360.00",
  "STICKER-6X6-1000": "FIXED_SIZE → $1465.00",
  "STICKER-6X6-25": "FIXED_SIZE → $135.00",
  "STICKER-6X6-250": "FIXED_SIZE → $730.00",
  "STICKER-6X6-50": "FIXED_SIZE → $215.00",
  "STICKER-6X6-500": "FIXED_SIZE → $1070.00",
  "STICKER-8X8-100": "FIXED_SIZE → $640.00",
  "STICKER-8X8-1000": "FIXED_SIZE → $2600.00",
  "STICKER-8X8-25": "FIXED_SIZE → $240.00",
  "STICKER-8X8-250": "FIXED_SIZE → $1300.00",
  "STICKER-8X8-50": "FIXED_SIZE → $380.00",
  "STICKER-8X8-500": "FIXED_SIZE → $1900.00",
}
`;

exports[`Price contract — representative sqft-tier sizes (locks tier math) > ACP 18x24 1S matches snapshot 1`] = `"FIXED_SIZE → $39.00"`;

exports[`Price contract — representative sqft-tier sizes (locks tier math) > ACP 24x36 2S matches snapshot 1`] = `"PR-ACP-D-T1 → $114.00"`;

exports[`Price contract — representative sqft-tier sizes (locks tier math) > BANNER 24x60 1S (10sqft→T1) matches snapshot 1`] = `"PR-BANNER-T1 → $82.50"`;

exports[`Price contract — representative sqft-tier sizes (locks tier math) > BANNER 36x84 1S (21sqft→T2) matches snapshot 1`] = `"PR-BANNER-T2 → $157.50"`;

exports[`Price contract — representative sqft-tier sizes (locks tier math) > CORO 18x24 1S matches snapshot 1`] = `"FIXED_SIZE → $24.00"`;

exports[`Price contract — representative sqft-tier sizes (locks tier math) > CORO 24x36 1S matches snapshot 1`] = `"FIXED_SIZE → $48.00"`;

exports[`Price contract — representative sqft-tier sizes (locks tier math) > CORO 48x96 1S matches snapshot 1`] = `"FIXED_SIZE → $232.00"`;
